../Core/Src/main.c:100:5:main	8	static
../Core/Src/main.c:189:6:SystemClock_Config	88	static
../Core/Src/main.c:236:13:MX_TIM1_Init	96	static
../Core/Src/main.c:311:13:MX_TIM2_Init	64	static
../Core/Src/main.c:370:13:MX_TIM3_Init	64	static
../Core/Src/main.c:429:13:MX_TIM4_Init	32	static
../Core/Src/main.c:474:13:MX_USART2_UART_Init	8	static
../Core/Src/main.c:507:13:MX_GPIO_Init	48	static
../Core/Src/main.c:558:6:SetServoAngle	24	static
../Core/Src/main.c:572:6:usDelay	16	static
../Core/Src/main.c:588:7:Measure_Distance	16	static
../Core/Src/main.c:621:6:StartMotors	8	static
../Core/Src/main.c:635:6:stopMotors	8	static
../Core/Src/main.c:647:6:back	8	static
../Core/Src/main.c:659:6:Right	8	static
../Core/Src/main.c:671:6:left	8	static
../Core/Src/main.c:684:9:ScanServoForClearPath	48	static
../Core/Src/main.c:726:6:StartDefaultTask	24	static
../Core/Src/main.c:774:6:Error_Handler	4	static,ignoring_inline_asm
